// Jest Snapshot v1, https://goo.gl/fbAQLP

exports[`Pruebas en <ProductImage /> debe mostrar el componente con la imagen del producto 1`] = `
<div
  className="productCard undefined"
>
  <img
    alt="Product"
    className="productImg undefined"
    src="./coffee-mug.png"
  />
</div>
`;

exports[`Pruebas en <ProductImage /> debe mostrar el componente correctamente con el titulo personalizado 1`] = `
<img
  alt="Product"
  className="productImg custom-style"
  src="/image.jpg"
/>
`;
